 1  1  1  1  1  1  1  1  1  1  1  1
 1  2  2  2  2  2  2  2  2  2  2  2
 1  2  3  2  3  3  2  2  3  3  2  3
 1  2  2  4  2  2  4  4  2  2  4  2
 1  2  3  2  5  3  2  2  5  3  2  3
 1  2  3  2  3  6  2  2  3  6  2  6
 1  2  2  4  2  2  7  4  2  2  7  2
 1  2  2  4  2  2  4  8  2  2  4  2
 1  2  3  2  5  3  2  2  9  3  2  3
 1  2  3  2  3  6  2  2  3 10  2 10
 1  2  2  4  2  2  7  4  2  2 11  2
 1  2  3  2  3  6  2  2  3 10  2 12
