 1  1  1  1  1  1  1  1  1  1  1  1
 1  2  1  2  2  2  2  2  2  2  2  2
 1  1  3  1  1  1  1  1  1  1  1  1
 1  2  1  4  2  2  2  2  2  2  2  2
 1  2  1  2  5  5  5  5  5  5  5  5
 1  2  1  2  5  6  5  6  5  5  5  5
 1  2  1  2  5  5  7  5  7  7  7  7
 1  2  1  2  5  6  5  8  5  5  5  5
 1  2  1  2  5  5  7  5  9  9  9  9
 1  2  1  2  5  5  7  5  9 10  9  9
 1  2  1  2  5  5  7  5  9  9 11 11
 1  2  1  2  5  5  7  5  9  9 11 12
