 1  1  1  1  1  1  1  1  1  1  1  1  1  1  1  1  1
 1  2  1  2  2  1  2  2  2  2  2  2  2  2  2  2  2
 1  1  3  1  1  3  1  1  1  1  1  1  1  1  1  1  1
 1  2  1  4  2  1  4  4  2  2  4  4  2  2  2  2  2
 1  2  1  2  5  1  2  2  5  5  2  2  5  5  5  5  5
 1  1  3  1  1  6  1  1  1  1  1  1  1  1  1  1  1
 1  2  1  4  2  1  7  4  2  2  7  4  2  2  2  2  2
 1  2  1  4  2  1  4  8  2  2  4  8  2  2  2  2  2
 1  2  1  2  5  1  2  2  9  5  2  2  5  5  5  5  5
 1  2  1  2  5  1  2  2  5 10  2  2 10 10 10 10 10
 1  2  1  4  2  1  7  4  2  2 11  4  2  2  2  2  2
 1  2  1  4  2  1  4  8  2  2  4 12  2  2  2  2  2
 1  2  1  2  5  1  2  2  5 10  2  2 13 13 13 13 13
 1  2  1  2  5  1  2  2  5 10  2  2 13 14 13 14 14
 1  2  1  2  5  1  2  2  5 10  2  2 13 13 15 13 13
 1  2  1  2  5  1  2  2  5 10  2  2 13 14 13 16 16
 1  2  1  2  5  1  2  2  5 10  2  2 13 14 13 16 17
